// Jest Snapshot v1, https://goo.gl/fbAQLP

exports[`Card should render correctly 1`] = `
<button
  aria-disabled={null}
  className={
    Array [
      "card",
    ]
  }
  onBlur={[Function]}
  onClick={null}
  onFocus={[Function]}
  onKeyPress={[Function]}
  onMouseEnter={[Function]}
  onMouseLeave={[Function]}
  type="button"
>
  <div
    className="card__background"
    style={Object {}}
  />
  <div
    className="card__outer-container card__outer-container--padded"
  >
    Some content
  </div>
  <div
    className="card__banner"
    style={Object {}}
  />
</button>
`;
