// Jest Snapshot v1, https://goo.gl/fbAQLP

exports[`Card should render correctly 1`] = `
<div
  aria-disabled={null}
  className={null}
  onBlur={[Function]}
  onClick={null}
  onFocus={[Function]}
  onKeyDown={null}
  onMouseEnter={[Function]}
  onMouseLeave={[Function]}
  role="button"
  tabIndex="0"
>
  <div
    className="card"
  >
    <div
      className="card__background"
      style={
        Object {
          "backgroundImage": "url(null)",
        }
      }
    />
    <div
      className="card__outer-container card__outer-container--padded"
    >
      Some content
    </div>
    <div
      className="card__banner"
      style={Object {}}
    />
  </div>
</div>
`;
